
> ai-branding-platform@0.1.0 start /app
> next start

▲ Next.js 16.2.11
- Local:         http://localhost:3000
- Network:       http://192.168.0.2:3000
✓ Ready in 203ms
[Postgres Telemetry] Database connection failed. Initialising offline simulation driver.
[Postgres Transacted SQL] Executing Parameterised Query: "BEGIN" with values: []
[Postgres Transacted SQL] Executing Parameterised Query: "SELECT set_config('app.current_tenant_id', $1, true)" with values: [ws-default]
[Postgres Transacted SQL] Executing Parameterised Query: "SELECT id, url, score, grade, pages_analyzed, metrics, issues, recommendations, created_at
             FROM premium_audits
             WHERE organization_id = $1
             ORDER BY created_at DESC
             LIMIT 10" with values: [ws-default]
[Postgres Telemetry] Database connection failed. Initialising offline simulation driver.
[Postgres Transacted SQL] Executing Parameterised Query: "BEGIN" with values: []
[Postgres Transacted SQL] Executing Parameterised Query: "COMMIT" with values: []
[Postgres Transacted SQL] Executing Parameterised Query: "SELECT set_config('app.current_tenant_id', $1, true)" with values: [ws-default]
[Postgres Transacted SQL] Executing Parameterised Query: "SELECT id, url, score, grade, pages_analyzed, metrics, issues, recommendations, created_at
             FROM premium_audits
             WHERE organization_id = $1
             ORDER BY created_at DESC
             LIMIT 10" with values: [ws-default]
[Postgres Transacted SQL] Executing Parameterised Query: "COMMIT" with values: []
[Postgres Telemetry] Database connection failed. Initialising offline simulation driver.
[Postgres Transacted SQL] Executing Parameterised Query: "BEGIN" with values: []
[Postgres Transacted SQL] Executing Parameterised Query: "SELECT set_config('app.current_tenant_id', $1, true)" with values: [ws-default]
[Postgres Transacted SQL] Executing Parameterised Query: "SELECT * FROM websites WHERE domain = $1 AND organization_id = $2 AND deleted_at IS NULL LIMIT 1;" with values: [secure-site.com, ws-default]
[Postgres Transacted SQL] Executing Parameterised Query: "
      INSERT INTO websites (id, organization_id, domain, normalized_url, status, last_crawled_at, last_analyzed_at, created_at, updated_at, created_by, updated_by, version)
      VALUES ($1, $2, $3, $4, $5, $6, $7, $8, $9, $10, $11, $12)
      ON CONFLICT (organization_id, domain) DO UPDATE SET
        normalized_url = EXCLUDED.normalized_url,
        status = EXCLUDED.status,
        last_crawled_at = EXCLUDED.last_crawled_at,
        last_analyzed_at = EXCLUDED.last_analyzed_at,
        updated_at = EXCLUDED.updated_at,
        updated_by = EXCLUDED.updated_by,
        version = websites.version + 1;
    " with values: [4006cd99-565a-488b-aab9-d1d42a5beaf3, ws-default, secure-site.com, https://secure-site.com, active, , , 2026-08-14T11:12:07.860Z, 2026-08-14T11:12:07.860Z, usr-wthhzuh5v, usr-wthhzuh5v, 1]
[Postgres Transacted SQL] Executing Parameterised Query: "SELECT * FROM pages WHERE website_id = $1 AND organization_id = $2 AND deleted_at IS NULL;" with values: [4006cd99-565a-488b-aab9-d1d42a5beaf3, ws-default]
[Postgres Transacted SQL] Executing Parameterised Query: "
      INSERT INTO pages (id, organization_id, website_id, url, normalized_url, path, status_code, indexability, title, description, created_at, updated_at, created_by, updated_by, version)
      VALUES ($1, $2, $3, $4, $5, $6, $7, $8, $9, $10, $11, $12, $13, $14, $15)
      ON CONFLICT (website_id, normalized_url) DO UPDATE SET
        url = EXCLUDED.url,
        path = EXCLUDED.path,
        status_code = EXCLUDED.status_code,
        indexability = EXCLUDED.indexability,
        title = EXCLUDED.title,
        description = EXCLUDED.description,
        updated_at = EXCLUDED.updated_at,
        updated_by = EXCLUDED.updated_by,
        version = pages.version + 1;
    " with values: [a9101311-1d6e-47db-886e-d3dc3977ab0e, ws-default, 4006cd99-565a-488b-aab9-d1d42a5beaf3, https://secure-site.com/, https://secure-site.com/, /, 200, indexable, شرکت رشا گستر - صفحه اصلی بهینه‌سازی موتورهای هوش مصنوعی AEO, درباره ما: شرکت رشا گستر با راه‌حل‌های هوشمند سئو معنایی و بهینه‌سازی موتورهای هوش مصنوعی AEO., 2026-08-14T11:12:07.862Z, 2026-08-14T11:12:07.862Z, usr-wthhzuh5v, usr-wthhzuh5v, 1]
[Postgres Transacted SQL] Executing Parameterised Query: "
      INSERT INTO pages (id, organization_id, website_id, url, normalized_url, path, status_code, indexability, title, description, created_at, updated_at, created_by, updated_by, version)
      VALUES ($1, $2, $3, $4, $5, $6, $7, $8, $9, $10, $11, $12, $13, $14, $15)
      ON CONFLICT (website_id, normalized_url) DO UPDATE SET
        url = EXCLUDED.url,
        path = EXCLUDED.path,
        status_code = EXCLUDED.status_code,
        indexability = EXCLUDED.indexability,
        title = EXCLUDED.title,
        description = EXCLUDED.description,
        updated_at = EXCLUDED.updated_at,
        updated_by = EXCLUDED.updated_by,
        version = pages.version + 1;
    " with values: [6d30de4e-8625-49ed-9a55-3a6cd7677046, ws-default, 4006cd99-565a-488b-aab9-d1d42a5beaf3, https://secure-site.com/pricing, https://secure-site.com/pricing, /pricing, 200, indexable, تعرفه و قیمت خدمات سئو معنایی و هوش مصنوعی رشا گستر, هزینه و قیمت پلن‌های مختلف پایش رویت‌پذیری هوش مصنوعی و سئو فنی., 2026-08-14T11:12:07.863Z, 2026-08-14T11:12:07.863Z, usr-wthhzuh5v, usr-wthhzuh5v, 1]
[Postgres Transacted SQL] Executing Parameterised Query: "COMMIT" with values: []
